../Core/Src/main.c:96:17:float_to_uint	32	static
../Core/Src/main.c:109:14:uint_to_float	32	static
../Core/Src/main.c:144:6:HAL_CAN_RxFifo0MsgPendingCallback	56	static
../Core/Src/main.c:182:13:CanTransmit	56	static
../Core/Src/main.c:220:6:CanComm_SendControlPara	56	static
../Core/Src/main.c:265:6:CanComm_ControlCmd	24	static
../Core/Src/main.c:289:13:ZeroPosition	8	static
../Core/Src/main.c:308:6:MotorControl_Start	8	static
../Core/Src/main.c:330:6:MotorControl_Stop	8	static
../Core/Src/main.c:346:5:main	8	static
../Core/Src/main.c:415:6:SystemClock_Config	88	static
../Core/Src/main.c:461:13:MX_CAN1_Init	8	static
../Core/Src/main.c:498:13:MX_GPIO_Init	16	static
../Core/Src/main.c:519:6:Error_Handler	4	static,ignoring_inline_asm
