../Core/Src/main.c:90:13:_CanFilter	48	static
../Core/Src/main.c:113:6:CanComm_Init	8	static
../Core/Src/main.c:128:17:float_to_uint	32	static
../Core/Src/main.c:141:14:uint_to_float	32	static
../Core/Src/main.c:176:6:HAL_CAN_RxFifo0MsgPendingCallback	56	static
../Core/Src/main.c:205:7:CanComm_GetCurVelocity	4	static
../Core/Src/main.c:225:13:CanTransmit	56	static
../Core/Src/main.c:264:6:CanComm_SendControlPara	56	static
../Core/Src/main.c:309:6:CanComm_ControlCmd	24	static
../Core/Src/main.c:334:13:ZeroPosition	8	static
../Core/Src/main.c:353:6:MotorControl_Start	8	static
../Core/Src/main.c:376:6:MotorControl_Stop	8	static
../Core/Src/main.c:392:5:main	8	static
../Core/Src/main.c:465:6:SystemClock_Config	88	static
../Core/Src/main.c:511:13:MX_CAN1_Init	8	static
../Core/Src/main.c:548:13:MX_GPIO_Init	16	static
../Core/Src/main.c:569:6:Error_Handler	4	static,ignoring_inline_asm
