../Core/Src/main.c:84:17:float_to_uint	32	static
../Core/Src/main.c:92:14:uint_to_float	32	static
../Core/Src/main.c:99:6:setup_can	48	static
../Core/Src/main.c:117:6:HAL_CAN_RxFifo0MsgPendingCallback	56	static
../Core/Src/main.c:164:6:motor_send_can	80	static
../Core/Src/main.c:205:6:motor_mode	48	static
../Core/Src/main.c:226:6:zero_positon	48	static
../Core/Src/main.c:248:13:ZeroPosition	4	static
../Core/Src/main.c:257:6:MotorControl_Start	8	static
../Core/Src/main.c:271:5:main	8	static
../Core/Src/main.c:341:6:SystemClock_Config	88	static
../Core/Src/main.c:387:13:MX_CAN1_Init	8	static
../Core/Src/main.c:424:13:MX_GPIO_Init	16	static
../Core/Src/main.c:442:6:Error_Handler	4	static,ignoring_inline_asm
