../Core/Src/main.c:81:17:float_to_uint	32	static
../Core/Src/main.c:89:14:uint_to_float	32	static
../Core/Src/main.c:96:6:setup_can	48	static
../Core/Src/main.c:114:6:HAL_CAN_RxFifo0MsgPendingCallback	56	static
../Core/Src/main.c:160:6:ctrl_motor	56	static
../Core/Src/main.c:175:6:ctrl_GM_motor	64	static
../Core/Src/main.c:201:6:ctrl_2_new_motor	72	static
../Core/Src/main.c:227:6:ctrl_1_new_motor	48	static
../Core/Src/main.c:254:5:main	8	static
../Core/Src/main.c:323:6:SystemClock_Config	88	static
../Core/Src/main.c:369:13:MX_CAN1_Init	8	static
../Core/Src/main.c:406:13:MX_GPIO_Init	16	static
../Core/Src/main.c:424:6:Error_Handler	4	static,ignoring_inline_asm
