../Core/Tasks/Src/control_input_task.c:43:6:control_input_task	64	static
../Core/Tasks/Src/control_input_task.c:126:7:chassis_center_yaw	8	static
../Core/Tasks/Src/control_input_task.c:132:6:chassis_set_ctrl	24	static
../Core/Tasks/Src/control_input_task.c:139:6:chassis_kill_ctrl	4	static
../Core/Tasks/Src/control_input_task.c:145:9:gimbal_aim_at_damaged_plate	16	static
../Core/Tasks/Src/control_input_task.c:183:6:control_reset	8	static
../Core/Tasks/Src/control_input_task.c:198:6:control_mode_change	24	static
../Core/Tasks/Src/control_input_task.c:273:6:gimbal_turn_ang	16	static
../Core/Tasks/Src/control_input_task.c:285:6:gimbal_set_ang	16	static
../Core/Tasks/Src/control_input_task.c:296:6:set_gear	4	static
../Core/Tasks/Src/control_input_task.c:337:6:chassis_yaw_pid_init	4	static
../Core/Tasks/Src/control_input_task.c:346:6:dbus_reset	4	static
